{
  "chronological_halves_c": [
    31.400000000000006,
    -2.833333333333334
  ],
  "complete_decisions": 169,
  "decisions": 169,
  "largest_asset_share_gross_positive": 0.4104477611940299,
  "mean_pnl_c": 12.727272727272727,
  "operational_completion": 1.0,
  "passes_operational_gate": true,
  "passes_paper_economics_gate": false,
  "per_asset_pnl": {
    "HYPE": -0.14999999999999997,
    "NEAR": 0.44999999999999996,
    "ZEC": 1.1
  },
  "preregistration": "PREREG_altspot_tilt_live_20261006.md",
  "settled_rows": [
    {
      "asset": "ZEC",
      "displayed_size": 98.02,
      "k": 5,
      "pnl": 0.7999999999999999,
      "price": 0.18000000000000005,
      "result": "yes",
      "side": "yes",
      "ticker": "KXZEC15M-26OCT060845-45"
    },
    {
      "asset": "NEAR",
      "displayed_size": 82.0,
      "k": 3,
      "pnl": 0.32999999999999996,
      "price": 0.65,
      "result": "no",
      "side": "no",
      "ticker": "KXNEAR15M-26OCT061015-15"
    },
    {
      "asset": "NEAR",
      "displayed_size": 96.0,
      "k": 8,
      "pnl": 0.66,
      "price": 0.31999999999999995,
      "result": "no",
      "side": "no",
      "ticker": "KXNEAR15M-26OCT061100-00"
    },
    {
      "asset": "HYPE",
      "displayed_size": 10.0,
      "k": 8,
      "pnl": -0.10999999999999997,
      "price": 0.09999999999999998,
      "result": "yes",
      "side": "no",
      "ticker": "KXHYPE15M-26OCT061100-00"
    },
    {
      "asset": "HYPE",
      "displayed_size": 105.3,
      "k": 8,
      "pnl": -0.10999999999999997,
      "price": 0.09999999999999998,
      "result": "no",
      "side": "yes",
      "ticker": "KXHYPE15M-26OCT061130-30"
    },
    {
      "asset": "HYPE",
      "displayed_size": 275.0,
      "k": 8,
      "pnl": -0.21999999999999995,
      "price": 0.19999999999999996,
      "result": "no",
      "side": "yes",
      "ticker": "KXHYPE15M-26OCT061145-45"
    },
    {
      "asset": "NEAR",
      "displayed_size": 149.0,
      "k": 8,
      "pnl": -0.17000000000000004,
      "price": 0.16000000000000003,
      "result": "no",
      "side": "yes",
      "ticker": "KXNEAR15M-26OCT061200-00"
    },
    {
      "asset": "HYPE",
      "displayed_size": 241.01,
      "k": 2,
      "pnl": 0.59,
      "price": 0.39,
      "result": "yes",
      "side": "yes",
      "ticker": "KXHYPE15M-26OCT061215-15"
    },
    {
      "asset": "NEAR",
      "displayed_size": 82.0,
      "k": 2,
      "pnl": -0.37,
      "price": 0.35,
      "result": "yes",
      "side": "no",
      "ticker": "KXNEAR15M-26OCT061215-15"
    },
    {
      "asset": "ZEC",
      "displayed_size": 16.0,
      "k": 8,
      "pnl": 0.30000000000000004,
      "price": 0.6799999999999999,
      "result": "yes",
      "side": "yes",
      "ticker": "KXZEC15M-26OCT061215-15"
    },
    {
      "asset": "HYPE",
      "displayed_size": 6.0,
      "k": 2,
      "pnl": -0.30000000000000004,
      "price": 0.28,
      "result": "no",
      "side": "yes",
      "ticker": "KXHYPE15M-26OCT061245-45"
    }
  ],
  "settled_signals": 11,
  "signals": 11
}
