{
  "preregistration": "PREREG_external_reclaim_oos_20261006.md",
  "source_commit": "593029336b9639ce6489592a12345fa40ebe4a69",
  "holdout_start_utc": 1790208000,
  "eligible_markets": 1166,
  "rows": {
    "signal_close": {
      "trades": 29,
      "targets": 17,
      "settlement_losses": 12,
      "mean_c": -5.86206896551724,
      "se_c": 8.715683270891587,
      "lo95_c": -22.944808176464754,
      "halves_c": [
        -2.285714285714284,
        -9.200000000000003
      ],
      "extra_1c_stress_c": -6.86206896551724,
      "mean_ex_best_10pct_days_c": -18.761904761904763,
      "removed_best_days": [
        20721,
        20727
      ],
      "max_day_gross_positive_share": 0.3,
      "by_strategy": {
        "RECLAIM_70": {
          "trades": 1,
          "targets": 1,
          "mean_c": 30.999999999999993
        },
        "BTC_FADE_90": {
          "trades": 21,
          "targets": 10,
          "mean_c": -11.333333333333332
        },
        "NO_RECLAIM_80": {
          "trades": 7,
          "targets": 6,
          "mean_c": 5.285714285714289
        }
      },
      "trade_rows": [
        {
          "ticker": "KXBTC15M-26SEP240215-15",
          "t0": 1790229600,
          "day": 20720,
          "strategy": "NO_RECLAIM_80",
          "side": "no",
          "signal_minute": 7,
          "entry_minute": 7,
          "early_low": 0.36,
          "decision_close": 0.37,
          "signal_close": 0.61,
          "entry": 0.61,
          "target": 0.8,
          "target_hit": false,
          "settlement_result": "yes",
          "exit_value": 0.0,
          "signed_btc_ret": -64.58000000000175,
          "signed_ema_dist": 104.15264023588679,
          "pnl": -0.63
        },
        {
          "ticker": "KXBTC15M-26SEP240600-00",
          "t0": 1790243100,
          "day": 20720,
          "strategy": "BTC_FADE_90",
          "side": "yes",
          "signal_minute": 6,
          "entry_minute": 6,
          "early_low": 0.29,
          "decision_close": 0.48,
          "signal_close": 0.6,
          "entry": 0.6,
          "target": 0.9,
          "target_hit": true,
          "settlement_result": "yes",
          "exit_value": 0.9,
          "signed_btc_ret": -30.410000000003492,
          "signed_ema_dist": -771.794237155962,
          "pnl": 0.27
        },
        {
          "ticker": "KXBTC15M-26SEP242100-00",
          "t0": 1790297100,
          "day": 20721,
          "strategy": "NO_RECLAIM_80",
          "side": "no",
          "signal_minute": 6,
          "entry_minute": 6,
          "early_low": 0.36,
          "decision_close": 0.41000000000000003,
          "signal_close": 0.54,
          "entry": 0.54,
          "target": 0.8,
          "target_hit": true,
          "settlement_result": "no",
          "exit_value": 0.8,
          "signed_btc_ret": -52.61999999999534,
          "signed_ema_dist": -219.34187917881354,
          "pnl": 0.22000000000000003
        },
        {
          "ticker": "KXBTC15M-26SEP242230-30",
          "t0": 1790302500,
          "day": 20721,
          "strategy": "NO_RECLAIM_80",
          "side": "no",
          "signal_minute": 8,
          "entry_minute": 8,
          "early_low": 0.36,
          "decision_close": 0.39,
          "signal_close": 0.65,
          "entry": 0.65,
          "target": 0.8,
          "target_hit": true,
          "settlement_result": "no",
          "exit_value": 0.8,
          "signed_btc_ret": -37.179999999993015,
          "signed_ema_dist": -347.2870769908186,
          "pnl": 0.11000000000000003
        },
        {
          "ticker": "KXBTC15M-26SEP250500-00",
          "t0": 1790325900,
          "day": 20721,
          "strategy": "BTC_FADE_90",
          "side": "yes",
          "signal_minute": 6,
          "entry_minute": 6,
          "early_low": 0.29,
          "decision_close": 0.29,
          "signal_close": 0.45,
          "entry": 0.45,
          "target": 0.9,
          "target_hit": true,
          "settlement_result": "yes",
          "exit_value": 0.9,
          "signed_btc_ret": -32.120000000009895,
          "signed_ema_dist": 98.71981793035229,
          "pnl": 0.42
        },
        {
          "ticker": "KXBTC15M-26SEP250630-30",
          "t0": 1790331300,
          "day": 20721,
          "strategy": "BTC_FADE_90",
          "side": "yes",
          "signal_minute": 6,
          "entry_minute": 6,
          "early_low": 0.29,
          "decision_close": 0.3,
          "signal_close": 0.53,
          "entry": 0.53,
          "target": 0.9,
          "target_hit": true,
          "settlement_result": "yes",
          "exit_value": 0.9,
          "signed_btc_ret": -35.50999999999476,
          "signed_ema_dist": 95.02191232991754,
          "pnl": 0.33999999999999997
        },
        {
          "ticker": "KXBTC15M-26SEP250645-45",
          "t0": 1790332200,
          "day": 20721,
          "strategy": "BTC_FADE_90",
          "side": "yes",
          "signal_minute": 7,
          "entry_minute": 7,
          "early_low": 0.29,
          "decision_close": 0.39,
          "signal_close": 0.58,
          "entry": 0.58,
          "target": 0.9,
          "target_hit": true,
          "settlement_result": "yes",
          "exit_value": 0.9,
          "signed_btc_ret": -28.75,
          "signed_ema_dist": 310.51578555066953,
          "pnl": 0.29000000000000004
        },
        {
          "ticker": "KXBTC15M-26SEP252030-30",
          "t0": 1790381700,
          "day": 20722,
          "strategy": "BTC_FADE_90",
          "side": "yes",
          "signal_minute": 7,
          "entry_minute": 7,
          "early_low": 0.3,
          "decision_close": 0.31,
          "signal_close": 0.45,
          "entry": 0.45,
          "target": 0.9,
          "target_hit": false,
          "settlement_result": "no",
          "exit_value": 0.0,
          "signed_btc_ret": -37.35000000000582,
          "signed_ema_dist": 39.95440259118914,
          "pnl": -0.47000000000000003
        },
        {
          "ticker": "KXBTC15M-26SEP262215-15",
          "t0": 1790474400,
          "day": 20723,
          "strategy": "BTC_FADE_90",
          "side": "yes",
          "signal_minute": 8,
          "entry_minute": 8,
          "early_low": 0.3,
          "decision_close": 0.33,
          "signal_close": 0.46,
          "entry": 0.46,
          "target": 0.9,
          "target_hit": false,
          "settlement_result": "no",
          "exit_value": 0.0,
          "signed_btc_ret": -29.39999999999418,
          "signed_ema_dist": 155.28627938512363,
          "pnl": -0.48000000000000004
        },
        {
          "ticker": "KXBTC15M-26SEP280845-45",
          "t0": 1790598600,
          "day": 20724,
          "strategy": "NO_RECLAIM_80",
          "side": "no",
          "signal_minute": 8,
          "entry_minute": 8,
          "early_low": 0.37,
          "decision_close": 0.37,
          "signal_close": 0.6,
          "entry": 0.6,
          "target": 0.8,
          "target_hit": true,
          "settlement_result": "no",
          "exit_value": 0.8,
          "signed_btc_ret": -42.779999999998836,
          "signed_ema_dist": -364.3710519986489,
          "pnl": 0.1600000000000001
        },
        {
          "ticker": "KXBTC15M-26SEP281130-30",
          "t0": 1790608500,
          "day": 20724,
          "strategy": "BTC_FADE_90",
          "side": "yes",
          "signal_minute": 10,
          "entry_minute": 10,
          "early_low": 0.28,
          "decision_close": 0.37,
          "signal_close": 0.49,
          "entry": 0.49,
          "target": 0.9,
          "target_hit": true,
          "settlement_result": "yes",
          "exit_value": 0.9,
          "signed_btc_ret": -52.94999999999709,
          "signed_ema_dist": -281.84943227523763,
          "pnl": 0.38
        },
        {
          "ticker": "KXBTC15M-26SEP281430-30",
          "t0": 1790619300,
          "day": 20724,
          "strategy": "BTC_FADE_90",
          "side": "yes",
          "signal_minute": 8,
          "entry_minute": 8,
          "early_low": 0.27,
          "decision_close": 0.33,
          "signal_close": 0.57,
          "entry": 0.57,
          "target": 0.9,
          "target_hit": false,
          "settlement_result": "no",
          "exit_value": 0.0,
          "signed_btc_ret": -57.69999999999709,
          "signed_ema_dist": 318.14135663562047,
          "pnl": -0.59
        },
        {
          "ticker": "KXBTC15M-26SEP282015-15",
          "t0": 1790640000,
          "day": 20725,
          "strategy": "NO_RECLAIM_80",
          "side": "no",
          "signal_minute": 6,
          "entry_minute": 6,
          "early_low": 0.37,
          "decision_close": 0.44999999999999996,
          "signal_close": 0.62,
          "entry": 0.62,
          "target": 0.8,
          "target_hit": true,
          "settlement_result": "yes",
          "exit_value": 0.8,
          "signed_btc_ret": -42.50999999999476,
          "signed_ema_dist": -22.922701156887342,
          "pnl": 0.14000000000000007
        },
        {
          "ticker": "KXBTC15M-26SEP290900-00",
          "t0": 1790685900,
          "day": 20725,
          "strategy": "BTC_FADE_90",
          "side": "yes",
          "signal_minute": 10,
          "entry_minute": 10,
          "early_low": 0.26,
          "decision_close": 0.28,
          "signal_close": 0.46,
          "entry": 0.46,
          "target": 0.9,
          "target_hit": false,
          "settlement_result": "no",
          "exit_value": 0.0,
          "signed_btc_ret": -62.419999999998254,
          "signed_ema_dist": 229.49834514732356,
          "pnl": -0.48000000000000004
        },
        {
          "ticker": "KXBTC15M-26SEP290915-15",
          "t0": 1790686800,
          "day": 20725,
          "strategy": "BTC_FADE_90",
          "side": "yes",
          "signal_minute": 6,
          "entry_minute": 6,
          "early_low": 0.28,
          "decision_close": 0.4,
          "signal_close": 0.48,
          "entry": 0.48,
          "target": 0.9,
          "target_hit": true,
          "settlement_result": "yes",
          "exit_value": 0.9,
          "signed_btc_ret": -27.720000000001164,
          "signed_ema_dist": 210.30900978772843,
          "pnl": 0.39
        },
        {
          "ticker": "KXBTC15M-26SEP291615-15",
          "t0": 1790712000,
          "day": 20725,
          "strategy": "BTC_FADE_90",
          "side": "yes",
          "signal_minute": 6,
          "entry_minute": 6,
          "early_low": 0.29,
          "decision_close": 0.34,
          "signal_close": 0.45,
          "entry": 0.45,
          "target": 0.9,
          "target_hit": false,
          "settlement_result": "no",
          "exit_value": 0.0,
          "signed_btc_ret": -57.83999999999651,
          "signed_ema_dist": 33.59420584018517,
          "pnl": -0.47000000000000003
        },
        {
          "ticker": "KXBTC15M-26SEP300045-45",
          "t0": 1790742600,
          "day": 20726,
          "strategy": "BTC_FADE_90",
          "side": "yes",
          "signal_minute": 6,
          "entry_minute": 6,
          "early_low": 0.3,
          "decision_close": 0.37,
          "signal_close": 0.5,
          "entry": 0.5,
          "target": 0.9,
          "target_hit": false,
          "settlement_result": "no",
          "exit_value": 0.0,
          "signed_btc_ret": -56.20999999999185,
          "signed_ema_dist": -120.74692245172628,
          "pnl": -0.52
        },
        {
          "ticker": "KXBTC15M-26SEP302000-00",
          "t0": 1790811900,
          "day": 20726,
          "strategy": "BTC_FADE_90",
          "side": "yes",
          "signal_minute": 9,
          "entry_minute": 9,
          "early_low": 0.26,
          "decision_close": 0.33,
          "signal_close": 0.51,
          "entry": 0.51,
          "target": 0.9,
          "target_hit": false,
          "settlement_result": "no",
          "exit_value": 0.0,
          "signed_btc_ret": -44.080000000001746,
          "signed_ema_dist": -202.12562050466659,
          "pnl": -0.53
        },
        {
          "ticker": "KXBTC15M-26OCT010745-45",
          "t0": 1790854200,
          "day": 20727,
          "strategy": "BTC_FADE_90",
          "side": "yes",
          "signal_minute": 6,
          "entry_minute": 6,
          "early_low": 0.3,
          "decision_close": 0.49,
          "signal_close": 0.6,
          "entry": 0.6,
          "target": 0.9,
          "target_hit": true,
          "settlement_result": "yes",
          "exit_value": 0.9,
          "signed_btc_ret": -39.36000000000058,
          "signed_ema_dist": 50.42685523717955,
          "pnl": 0.27
        },
        {
          "ticker": "KXBTC15M-26OCT011600-00",
          "t0": 1790883900,
          "day": 20727,
          "strategy": "BTC_FADE_90",
          "side": "yes",
          "signal_minute": 6,
          "entry_minute": 6,
          "early_low": 0.26,
          "decision_close": 0.3,
          "signal_close": 0.58,
          "entry": 0.58,
          "target": 0.9,
          "target_hit": true,
          "settlement_result": "yes",
          "exit_value": 0.9,
          "signed_btc_ret": -46.929999999993015,
          "signed_ema_dist": 58.506391025395715,
          "pnl": 0.29000000000000004
        },
        {
          "ticker": "KXBTC15M-26OCT011900-00",
          "t0": 1790894700,
          "day": 20727,
          "strategy": "BTC_FADE_90",
          "side": "yes",
          "signal_minute": 8,
          "entry_minute": 8,
          "early_low": 0.29,
          "decision_close": 0.34,
          "signal_close": 0.57,
          "entry": 0.57,
          "target": 0.9,
          "target_hit": true,
          "settlement_result": "yes",
          "exit_value": 0.9,
          "signed_btc_ret": -35.020000000004075,
          "signed_ema_dist": 25.511006786633516,
          "pnl": 0.30000000000000004
        },
        {
          "ticker": "KXBTC15M-26OCT012030-30",
          "t0": 1790900100,
          "day": 20728,
          "strategy": "NO_RECLAIM_80",
          "side": "no",
          "signal_minute": 10,
          "entry_minute": 10,
          "early_low": 0.37,
          "decision_close": 0.43000000000000005,
          "signal_close": 0.5800000000000001,
          "entry": 0.5800000000000001,
          "target": 0.8,
          "target_hit": true,
          "settlement_result": "no",
          "exit_value": 0.8,
          "signed_btc_ret": -56.29999999998836,
          "signed_ema_dist": -229.35534939235367,
          "pnl": 0.18
        },
        {
          "ticker": "KXBTC15M-26OCT030645-45",
          "t0": 1791023400,
          "day": 20729,
          "strategy": "NO_RECLAIM_80",
          "side": "no",
          "signal_minute": 6,
          "entry_minute": 6,
          "early_low": 0.39,
          "decision_close": 0.48,
          "signal_close": 0.5700000000000001,
          "entry": 0.5700000000000001,
          "target": 0.8,
          "target_hit": true,
          "settlement_result": "no",
          "exit_value": 0.8,
          "signed_btc_ret": -28.339999999996508,
          "signed_ema_dist": -2.9978592544212006,
          "pnl": 0.19
        },
        {
          "ticker": "KXBTC15M-26OCT031600-00",
          "t0": 1791056700,
          "day": 20729,
          "strategy": "RECLAIM_70",
          "side": "yes",
          "signal_minute": 8,
          "entry_minute": 8,
          "early_low": 0.18,
          "decision_close": 0.2,
          "signal_close": 0.35,
          "entry": 0.35,
          "target": 0.7,
          "target_hit": true,
          "settlement_result": "yes",
          "exit_value": 0.7,
          "signed_btc_ret": -17.619999999995343,
          "signed_ema_dist": -105.08842750675103,
          "pnl": 0.30999999999999994
        },
        {
          "ticker": "KXBTC15M-26OCT041800-00",
          "t0": 1791150300,
          "day": 20730,
          "strategy": "BTC_FADE_90",
          "side": "yes",
          "signal_minute": 6,
          "entry_minute": 6,
          "early_low": 0.27,
          "decision_close": 0.48,
          "signal_close": 0.49,
          "entry": 0.49,
          "target": 0.9,
          "target_hit": false,
          "settlement_result": "no",
          "exit_value": 0.0,
          "signed_btc_ret": -25.830000000001746,
          "signed_ema_dist": 395.20060223393375,
          "pnl": -0.51
        },
        {
          "ticker": "KXBTC15M-26OCT051215-15",
          "t0": 1791216000,
          "day": 20731,
          "strategy": "BTC_FADE_90",
          "side": "yes",
          "signal_minute": 6,
          "entry_minute": 6,
          "early_low": 0.27,
          "decision_close": 0.41,
          "signal_close": 0.53,
          "entry": 0.53,
          "target": 0.9,
          "target_hit": false,
          "settlement_result": "no",
          "exit_value": 0.0,
          "signed_btc_ret": -33.81999999999243,
          "signed_ema_dist": -647.7452994430496,
          "pnl": -0.55
        },
        {
          "ticker": "KXBTC15M-26OCT060030-30",
          "t0": 1791260100,
          "day": 20732,
          "strategy": "BTC_FADE_90",
          "side": "yes",
          "signal_minute": 8,
          "entry_minute": 8,
          "early_low": 0.3,
          "decision_close": 0.3,
          "signal_close": 0.55,
          "entry": 0.55,
          "target": 0.9,
          "target_hit": false,
          "settlement_result": "no",
          "exit_value": 0.0,
          "signed_btc_ret": -40.5399999999936,
          "signed_ema_dist": -84.19916401449882,
          "pnl": -0.5700000000000001
        },
        {
          "ticker": "KXBTC15M-26OCT060115-15",
          "t0": 1791262800,
          "day": 20732,
          "strategy": "BTC_FADE_90",
          "side": "yes",
          "signal_minute": 7,
          "entry_minute": 7,
          "early_low": 0.29,
          "decision_close": 0.38,
          "signal_close": 0.53,
          "entry": 0.53,
          "target": 0.9,
          "target_hit": true,
          "settlement_result": "yes",
          "exit_value": 0.9,
          "signed_btc_ret": -28.330000000001746,
          "signed_ema_dist": -58.24500088863715,
          "pnl": 0.33999999999999997
        },
        {
          "ticker": "KXBTC15M-26OCT060145-45",
          "t0": 1791264600,
          "day": 20732,
          "strategy": "BTC_FADE_90",
          "side": "yes",
          "signal_minute": 8,
          "entry_minute": 8,
          "early_low": 0.27,
          "decision_close": 0.29,
          "signal_close": 0.48,
          "entry": 0.48,
          "target": 0.9,
          "target_hit": false,
          "settlement_result": "no",
          "exit_value": 0.0,
          "signed_btc_ret": -38.90000000000873,
          "signed_ema_dist": -20.435516736499267,
          "pnl": -0.5
        }
      ]
    },
    "next_minute_1c": {
      "trades": 5,
      "targets": 5,
      "settlement_losses": 0,
      "mean_c": 31.999999999999996,
      "se_c": 3.6551333764994123,
      "lo95_c": 24.835938582061146,
      "halves_c": [
        28.999999999999996,
        34.0
      ],
      "extra_1c_stress_c": 30.999999999999996,
      "mean_ex_best_10pct_days_c": 29.75,
      "removed_best_days": [
        20725
      ],
      "max_day_gross_positive_share": 0.25625000000000003,
      "by_strategy": {
        "RECLAIM_70": {
          "trades": 0,
          "targets": 0,
          "mean_c": null
        },
        "BTC_FADE_90": {
          "trades": 4,
          "targets": 4,
          "mean_c": 34.75
        },
        "NO_RECLAIM_80": {
          "trades": 1,
          "targets": 1,
          "mean_c": 21.000000000000004
        }
      },
      "trade_rows": [
        {
          "ticker": "KXBTC15M-26SEP240600-00",
          "t0": 1790243100,
          "day": 20720,
          "strategy": "BTC_FADE_90",
          "side": "yes",
          "signal_minute": 6,
          "entry_minute": 7,
          "early_low": 0.29,
          "decision_close": 0.48,
          "signal_close": 0.6,
          "entry": 0.53,
          "target": 0.9,
          "target_hit": true,
          "settlement_result": "yes",
          "exit_value": 0.9,
          "signed_btc_ret": -30.410000000003492,
          "signed_ema_dist": -771.794237155962,
          "pnl": 0.33999999999999997
        },
        {
          "ticker": "KXBTC15M-26SEP250500-00",
          "t0": 1790325900,
          "day": 20721,
          "strategy": "BTC_FADE_90",
          "side": "yes",
          "signal_minute": 6,
          "entry_minute": 7,
          "early_low": 0.29,
          "decision_close": 0.29,
          "signal_close": 0.45,
          "entry": 0.63,
          "target": 0.9,
          "target_hit": true,
          "settlement_result": "yes",
          "exit_value": 0.9,
          "signed_btc_ret": -32.120000000009895,
          "signed_ema_dist": 98.71981793035229,
          "pnl": 0.24
        },
        {
          "ticker": "KXBTC15M-26SEP281130-30",
          "t0": 1790608500,
          "day": 20724,
          "strategy": "BTC_FADE_90",
          "side": "yes",
          "signal_minute": 10,
          "entry_minute": 11,
          "early_low": 0.28,
          "decision_close": 0.37,
          "signal_close": 0.49,
          "entry": 0.47000000000000003,
          "target": 0.9,
          "target_hit": true,
          "settlement_result": "yes",
          "exit_value": 0.9,
          "signed_btc_ret": -52.94999999999709,
          "signed_ema_dist": -281.84943227523763,
          "pnl": 0.39999999999999997
        },
        {
          "ticker": "KXBTC15M-26SEP290915-15",
          "t0": 1790686800,
          "day": 20725,
          "strategy": "BTC_FADE_90",
          "side": "yes",
          "signal_minute": 6,
          "entry_minute": 7,
          "early_low": 0.28,
          "decision_close": 0.4,
          "signal_close": 0.48,
          "entry": 0.46,
          "target": 0.9,
          "target_hit": true,
          "settlement_result": "yes",
          "exit_value": 0.9,
          "signed_btc_ret": -27.720000000001164,
          "signed_ema_dist": 210.30900978772843,
          "pnl": 0.41
        },
        {
          "ticker": "KXBTC15M-26OCT030645-45",
          "t0": 1791023400,
          "day": 20729,
          "strategy": "NO_RECLAIM_80",
          "side": "no",
          "signal_minute": 6,
          "entry_minute": 7,
          "early_low": 0.39,
          "decision_close": 0.48,
          "signal_close": 0.5700000000000001,
          "entry": 0.55,
          "target": 0.8,
          "target_hit": true,
          "settlement_result": "no",
          "exit_value": 0.8,
          "signed_btc_ret": -28.339999999996508,
          "signed_ema_dist": -2.9978592544212006,
          "pnl": 0.21000000000000002
        }
      ]
    }
  },
  "passes_governing_gate": false
}
{
  "preregistration": "PREREG_external_reclaim_fill_audit_20261006.md",
  "evidence": "external self-reported authenticated fills and settlements",
  "source_sha256": "d0d3f6176bcb1a23d93616fa0a53965634129d1613dc69281d8b894bcbea8df6",
  "settlements": 31,
  "fills": 84,
  "total_pnl_dollars": 78.134,
  "positive_settlements": 24,
  "negative_settlements": 7,
  "mean_per_entry_contract_c": 7.887224722878688,
  "lo95_per_entry_contract_c": 2.674001020097812,
  "halves_per_entry_contract_c": [
    13.086041586046804,
    3.01333391365858
  ],
  "max_closed_trade_drawdown_dollars": -52.156800000000004,
  "max_day_gross_positive_share": 0.44554251038883974,
  "by_strategy": {
    "BTC_FADE_90": {
      "settlements": 8,
      "positive": 7,
      "negative": 1,
      "pnl_dollars": 32.05,
      "mean_per_entry_contract_c": 4.758650956767002
    },
    "NO_RECLAIM_80": {
      "settlements": 2,
      "positive": 2,
      "negative": 0,
      "pnl_dollars": 6.014300000000002,
      "mean_per_entry_contract_c": 7.3344068504594855
    },
    "PULLBACK_99": {
      "settlements": 18,
      "positive": 12,
      "negative": 6,
      "pnl_dollars": -1.6469000000000076,
      "mean_per_entry_contract_c": 6.45436041261476
    },
    "RECLAIM_70": {
      "settlements": 3,
      "positive": 3,
      "negative": 0,
      "pnl_dollars": 41.7166,
      "mean_per_entry_contract_c": 25.19581920903955
    }
  },
  "published_three_lane_subset": {
    "settlements": 13,
    "pnl_dollars": 79.7809,
    "mean_per_entry_contract_c": 9.871190690936434,
    "lo95_per_entry_contract_c": -1.7588832799773537,
    "halves_per_entry_contract_c": [
      0.8727546644388776,
      17.58413585650577
    ],
    "positive": 12,
    "negative": 1
  },
  "trade_rows": [
    {
      "settled_time": "2026-08-28T00:00:05.929012Z",
      "day": "2026-08-28",
      "ticker": "KXBTC15M-26AUG272000-00",
      "strategy": "PULLBACK_99",
      "entry_count": 5.0,
      "yes_count": 5.0,
      "no_count": 5.0,
      "yes_cost": 0.005,
      "no_cost": 2.95,
      "reported_fee": 0.0851,
      "result": "no",
      "payout": 5.0,
      "pnl_dollars": 1.9599,
      "pnl_per_entry_contract": 0.39198
    },
    {
      "settled_time": "2026-08-28T00:15:05.977864Z",
      "day": "2026-08-28",
      "ticker": "KXBTC15M-26AUG272015-15",
      "strategy": "PULLBACK_99",
      "entry_count": 5.0,
      "yes_count": 5.0,
      "no_count": 5.0,
      "yes_cost": 0.05,
      "no_cost": 2.95,
      "reported_fee": 0.0847,
      "result": "no",
      "payout": 5.0,
      "pnl_dollars": 1.9153,
      "pnl_per_entry_contract": 0.38306
    },
    {
      "settled_time": "2026-08-28T00:45:05.727836Z",
      "day": "2026-08-28",
      "ticker": "KXBTC15M-26AUG272045-45",
      "strategy": "PULLBACK_99",
      "entry_count": 5.0,
      "yes_count": 5.0,
      "no_count": 5.0,
      "yes_cost": 0.05,
      "no_cost": 2.9,
      "reported_fee": 0.0853,
      "result": "no",
      "payout": 5.0,
      "pnl_dollars": 1.9647000000000003,
      "pnl_per_entry_contract": 0.39294000000000007
    },
    {
      "settled_time": "2026-08-28T02:45:05.732918Z",
      "day": "2026-08-28",
      "ticker": "KXBTC15M-26AUG272245-45",
      "strategy": "PULLBACK_99",
      "entry_count": 22.0,
      "yes_count": 22.0,
      "no_count": 22.0,
      "yes_cost": 12.32,
      "no_cost": 0.22,
      "reported_fee": 0.3795,
      "result": "yes",
      "payout": 22.0,
      "pnl_dollars": 9.080499999999999,
      "pnl_per_entry_contract": 0.41274999999999995
    },
    {
      "settled_time": "2026-08-28T03:15:05.733365Z",
      "day": "2026-08-28",
      "ticker": "KXBTC15M-26AUG272315-15",
      "strategy": "PULLBACK_99",
      "entry_count": 22.0,
      "yes_count": 22.0,
      "no_count": 22.0,
      "yes_cost": 0.22,
      "no_cost": 12.98,
      "reported_fee": 0.3726,
      "result": "no",
      "payout": 22.0,
      "pnl_dollars": 8.4274,
      "pnl_per_entry_contract": 0.3830636363636364
    },
    {
      "settled_time": "2026-08-28T03:45:05.728771Z",
      "day": "2026-08-28",
      "ticker": "KXBTC15M-26AUG272345-45",
      "strategy": "PULLBACK_99",
      "entry_count": 25.0,
      "yes_count": 25.0,
      "no_count": 0.0,
      "yes_cost": 14.0,
      "no_cost": 0.0,
      "reported_fee": 0.4313,
      "result": "no",
      "payout": 0.0,
      "pnl_dollars": -14.4313,
      "pnl_per_entry_contract": -0.577252
    },
    {
      "settled_time": "2026-08-28T05:15:05.780439Z",
      "day": "2026-08-28",
      "ticker": "KXBTC15M-26AUG280115-15",
      "strategy": "PULLBACK_99",
      "entry_count": 22.0,
      "yes_count": 44.0,
      "no_count": 22.0,
      "yes_cost": 0.44,
      "no_cost": 12.76,
      "reported_fee": 0.3752,
      "result": "no",
      "payout": 22.0,
      "pnl_dollars": 8.4248,
      "pnl_per_entry_contract": 0.38294545454545453
    },
    {
      "settled_time": "2026-08-28T05:30:15.769412Z",
      "day": "2026-08-28",
      "ticker": "KXBTC15M-26AUG280130-30",
      "strategy": "PULLBACK_99",
      "entry_count": 23.0,
      "yes_count": 23.0,
      "no_count": 23.0,
      "yes_cost": 13.34,
      "no_cost": 0.23,
      "reported_fee": 0.3922,
      "result": "yes",
      "payout": 23.0,
      "pnl_dollars": 9.037799999999999,
      "pnl_per_entry_contract": 0.3929478260869565
    },
    {
      "settled_time": "2026-08-28T06:45:05.766473Z",
      "day": "2026-08-28",
      "ticker": "KXBTC15M-26AUG280245-45",
      "strategy": "PULLBACK_99",
      "entry_count": 24.0,
      "yes_count": 0.0,
      "no_count": 24.0,
      "yes_cost": 0.0,
      "no_cost": 14.16,
      "reported_fee": 0.4064,
      "result": "yes",
      "payout": 0.0,
      "pnl_dollars": -14.5664,
      "pnl_per_entry_contract": -0.6069333333333333
    },
    {
      "settled_time": "2026-08-28T07:15:05.919913Z",
      "day": "2026-08-28",
      "ticker": "KXBTC15M-26AUG280315-15",
      "strategy": "PULLBACK_99",
      "entry_count": 23.0,
      "yes_count": 23.0,
      "no_count": 23.0,
      "yes_cost": 0.23,
      "no_cost": 13.11,
      "reported_fee": 0.3947,
      "result": "no",
      "payout": 23.0,
      "pnl_dollars": 9.2653,
      "pnl_per_entry_contract": 0.4028391304347826
    },
    {
      "settled_time": "2026-08-28T07:30:05.815974Z",
      "day": "2026-08-28",
      "ticker": "KXBTC15M-26AUG280330-30",
      "strategy": "PULLBACK_99",
      "entry_count": 25.0,
      "yes_count": 25.0,
      "no_count": 25.0,
      "yes_cost": 14.0,
      "no_cost": 0.25,
      "reported_fee": 0.4312,
      "result": "yes",
      "payout": 25.0,
      "pnl_dollars": 10.3188,
      "pnl_per_entry_contract": 0.412752
    },
    {
      "settled_time": "2026-08-28T08:00:05.91075Z",
      "day": "2026-08-28",
      "ticker": "KXBTC15M-26AUG280400-00",
      "strategy": "PULLBACK_99",
      "entry_count": 25.0,
      "yes_count": 25.0,
      "no_count": 25.0,
      "yes_cost": 14.75,
      "no_cost": 0.25,
      "reported_fee": 0.4234,
      "result": "yes",
      "payout": 25.0,
      "pnl_dollars": 9.5766,
      "pnl_per_entry_contract": 0.38306399999999996
    },
    {
      "settled_time": "2026-08-28T09:45:05.765853Z",
      "day": "2026-08-28",
      "ticker": "KXBTC15M-26AUG280545-45",
      "strategy": "PULLBACK_99",
      "entry_count": 28.0,
      "yes_count": 28.0,
      "no_count": 0.0,
      "yes_cost": 15.96,
      "no_cost": 0.0,
      "reported_fee": 0.4804,
      "result": "no",
      "payout": 0.0,
      "pnl_dollars": -16.4404,
      "pnl_per_entry_contract": -0.5871571428571428
    },
    {
      "settled_time": "2026-08-28T10:00:05.766714Z",
      "day": "2026-08-28",
      "ticker": "KXBTC15M-26AUG280600-00",
      "strategy": "PULLBACK_99",
      "entry_count": 25.0,
      "yes_count": 25.0,
      "no_count": 0.0,
      "yes_cost": 14.25,
      "no_cost": 0.0,
      "reported_fee": 0.429,
      "result": "no",
      "payout": 0.0,
      "pnl_dollars": -14.679,
      "pnl_per_entry_contract": -0.58716
    },
    {
      "settled_time": "2026-08-28T11:30:05.819727Z",
      "day": "2026-08-28",
      "ticker": "KXBTC15M-26AUG280730-30",
      "strategy": "PULLBACK_99",
      "entry_count": 21.0,
      "yes_count": 21.0,
      "no_count": 21.0,
      "yes_cost": 0.21,
      "no_cost": 12.39,
      "reported_fee": 0.3556,
      "result": "no",
      "payout": 21.0,
      "pnl_dollars": 8.044399999999998,
      "pnl_per_entry_contract": 0.38306666666666656
    },
    {
      "settled_time": "2026-08-28T13:00:05.718761Z",
      "day": "2026-08-28",
      "ticker": "KXBTC15M-26AUG280900-00",
      "strategy": "PULLBACK_99",
      "entry_count": 20.0,
      "yes_count": 20.0,
      "no_count": 20.0,
      "yes_cost": 11.8,
      "no_cost": 0.2,
      "reported_fee": 0.3387,
      "result": "yes",
      "payout": 20.0,
      "pnl_dollars": 7.661299999999999,
      "pnl_per_entry_contract": 0.38306499999999993
    },
    {
      "settled_time": "2026-08-28T13:15:05.773162Z",
      "day": "2026-08-28",
      "ticker": "KXBTC15M-26AUG280915-15",
      "strategy": "PULLBACK_99",
      "entry_count": 22.0,
      "yes_count": 22.0,
      "no_count": 0.0,
      "yes_cost": 12.98,
      "no_cost": 0.0,
      "reported_fee": 0.3726,
      "result": "no",
      "payout": 0.0,
      "pnl_dollars": -13.3526,
      "pnl_per_entry_contract": -0.6069363636363637
    },
    {
      "settled_time": "2026-08-28T17:13:05.809542Z",
      "day": "2026-08-28",
      "ticker": "KXBTC15M-26AUG280800-00",
      "strategy": "PULLBACK_99",
      "entry_count": 24.0,
      "yes_count": 24.0,
      "no_count": 0.0,
      "yes_cost": 13.44,
      "no_cost": 0.0,
      "reported_fee": 0.414,
      "result": "no",
      "payout": 0.0,
      "pnl_dollars": -13.854,
      "pnl_per_entry_contract": -0.5772499999999999
    },
    {
      "settled_time": "2026-09-08T17:00:05.504115Z",
      "day": "2026-09-08",
      "ticker": "KXBTC15M-26SEP081300-00",
      "strategy": "NO_RECLAIM_80",
      "entry_count": 19.0,
      "yes_count": 19.0,
      "no_count": 19.0,
      "yes_cost": 5.7,
      "no_cost": 11.59,
      "reported_fee": 0.3165,
      "result": "no",
      "payout": 19.0,
      "pnl_dollars": 1.3935000000000008,
      "pnl_per_entry_contract": 0.07334210526315794
    },
    {
      "settled_time": "2026-09-09T01:15:05.566Z",
      "day": "2026-09-09",
      "ticker": "KXBTC15M-26SEP082115-15",
      "strategy": "BTC_FADE_90",
      "entry_count": 47.0,
      "yes_count": 47.0,
      "no_count": 47.0,
      "yes_cost": 23.5,
      "no_cost": 14.1,
      "reported_fee": 0.8225,
      "result": "no",
      "payout": 47.0,
      "pnl_dollars": 8.5775,
      "pnl_per_entry_contract": 0.18250000000000002
    },
    {
      "settled_time": "2026-09-09T05:00:05.558844Z",
      "day": "2026-09-09",
      "ticker": "KXBTC15M-26SEP090100-00",
      "strategy": "BTC_FADE_90",
      "entry_count": 45.0,
      "yes_count": 45.0,
      "no_count": 45.0,
      "yes_cost": 25.65,
      "no_cost": 13.5,
      "reported_fee": 0.7721,
      "result": "yes",
      "payout": 45.0,
      "pnl_dollars": 5.077900000000001,
      "pnl_per_entry_contract": 0.11284222222222226
    },
    {
      "settled_time": "2026-09-09T11:30:05.494804Z",
      "day": "2026-09-09",
      "ticker": "KXBTC15M-26SEP090730-30",
      "strategy": "BTC_FADE_90",
      "entry_count": 42.0,
      "yes_count": 42.0,
      "no_count": 42.0,
      "yes_cost": 26.46,
      "no_cost": 12.6,
      "reported_fee": 0.6854,
      "result": "yes",
      "payout": 42.0,
      "pnl_dollars": 2.2545999999999995,
      "pnl_per_entry_contract": 0.05368095238095237
    },
    {
      "settled_time": "2026-09-10T23:15:03.737467Z",
      "day": "2026-09-10",
      "ticker": "KXBTC15M-26SEP101915-15",
      "strategy": "BTC_FADE_90",
      "entry_count": 44.0,
      "yes_count": 44.0,
      "no_count": 0.0,
      "yes_cost": 26.84,
      "no_cost": 0.0,
      "reported_fee": 0.0,
      "result": "no",
      "payout": 0.0,
      "pnl_dollars": -26.84,
      "pnl_per_entry_contract": -0.61
    },
    {
      "settled_time": "2026-09-11T20:45:08.528703Z",
      "day": "2026-09-11",
      "ticker": "KXBTC15M-26SEP111645-45",
      "strategy": "RECLAIM_70",
      "entry_count": 47.0,
      "yes_count": 47.0,
      "no_count": 47.0,
      "yes_cost": 21.62,
      "no_cost": 14.1,
      "reported_fee": 0.0,
      "result": "yes",
      "payout": 47.0,
      "pnl_dollars": 11.28,
      "pnl_per_entry_contract": 0.24
    },
    {
      "settled_time": "2026-09-12T00:00:08.471736Z",
      "day": "2026-09-12",
      "ticker": "KXBTC15M-26SEP112000-00",
      "strategy": "RECLAIM_70",
      "entry_count": 59.0,
      "yes_count": 59.0,
      "no_count": 59.0,
      "yes_cost": 23.6,
      "no_cost": 17.7,
      "reported_fee": 0.9912,
      "result": "yes",
      "payout": 59.0,
      "pnl_dollars": 16.7088,
      "pnl_per_entry_contract": 0.2832
    },
    {
      "settled_time": "2026-09-13T13:00:08.476257Z",
      "day": "2026-09-13",
      "ticker": "KXBTC15M-26SEP130900-00",
      "strategy": "RECLAIM_70",
      "entry_count": 59.0,
      "yes_count": 59.0,
      "no_count": 59.0,
      "yes_cost": 26.55,
      "no_cost": 17.7,
      "reported_fee": 1.0222,
      "result": "yes",
      "payout": 59.0,
      "pnl_dollars": 13.727800000000004,
      "pnl_per_entry_contract": 0.2326745762711865
    },
    {
      "settled_time": "2026-09-14T04:45:08.489544Z",
      "day": "2026-09-14",
      "ticker": "KXBTC15M-26SEP140045-45",
      "strategy": "BTC_FADE_90",
      "entry_count": 63.0,
      "yes_count": 63.0,
      "no_count": 63.0,
      "yes_cost": 29.61,
      "no_cost": 18.9,
      "reported_fee": 1.0986,
      "result": "yes",
      "payout": 63.0,
      "pnl_dollars": 13.391400000000003,
      "pnl_per_entry_contract": 0.2125619047619048
    },
    {
      "settled_time": "2026-09-14T08:30:08.415867Z",
      "day": "2026-09-14",
      "ticker": "KXBTC15M-26SEP140430-30",
      "strategy": "BTC_FADE_90",
      "entry_count": 50.0,
      "yes_count": 50.0,
      "no_count": 50.0,
      "yes_cost": 32.5,
      "no_cost": 15.0,
      "reported_fee": 0.7963,
      "result": "yes",
      "payout": 50.0,
      "pnl_dollars": 1.7037,
      "pnl_per_entry_contract": 0.034074
    },
    {
      "settled_time": "2026-09-15T14:30:08.480063Z",
      "day": "2026-09-15",
      "ticker": "KXBTC15M-26SEP151030-30",
      "strategy": "BTC_FADE_90",
      "entry_count": 67.0,
      "yes_count": 67.0,
      "no_count": 67.0,
      "yes_cost": 32.83,
      "no_cost": 20.1,
      "reported_fee": 1.1721,
      "result": "no",
      "payout": 67.0,
      "pnl_dollars": 12.8979,
      "pnl_per_entry_contract": 0.19250597014925372
    },
    {
      "settled_time": "2026-09-16T04:30:08.479351Z",
      "day": "2026-09-16",
      "ticker": "KXBTC15M-26SEP160030-30",
      "strategy": "BTC_FADE_90",
      "entry_count": 74.0,
      "yes_count": 74.0,
      "no_count": 74.0,
      "yes_cost": 35.52,
      "no_cost": 22.2,
      "reported_fee": 1.293,
      "result": "yes",
      "payout": 74.0,
      "pnl_dollars": 14.986999999999998,
      "pnl_per_entry_contract": 0.20252702702702702
    },
    {
      "settled_time": "2026-09-16T16:30:08.427734Z",
      "day": "2026-09-16",
      "ticker": "KXBTC15M-26SEP161230-30",
      "strategy": "NO_RECLAIM_80",
      "entry_count": 63.0,
      "yes_count": 63.0,
      "no_count": 63.0,
      "yes_cost": 18.9,
      "no_cost": 38.43,
      "reported_fee": 1.0492,
      "result": "no",
      "payout": 63.0,
      "pnl_dollars": 4.620800000000002,
      "pnl_per_entry_contract": 0.07334603174603177
    }
  ]
}
