  250/479 windows, 250 joins                                                                      {
  "adverse_days": 4,
  "assets_available": [
    "ETH",
    "SOL",
    "XRP",
    "BNB",
    "ZEC",
    "DOGE",
    "HYPE",
    "NEAR"
  ],
  "capped_histories": 0,
  "chronological_halves_after_0_1c_stress": [
    -0.9900559999999998,
    -1.1890981818181856
  ],
  "complete_population": true,
  "credited_filled_contracts": 47127.41999999999,
  "day_cluster_ci_after_0_1c_stress": [
    -18.8102921904762,
    13.123760190476187
  ],
  "expected_market_coverage_by_asset_day": {
    "BNB": {
      "20711": 96,
      "20712": 96,
      "20713": 88,
      "20714": 96,
      "20715": 96,
      "20716": 96,
      "20717": 96,
      "20718": 96,
      "20719": 96,
      "20720": 88,
      "20721": 96,
      "20722": 96,
      "20723": 96,
      "20724": 96,
      "20725": 96,
      "20726": 96,
      "20727": 88,
      "20728": 96,
      "20729": 96,
      "20730": 96,
      "20731": 96
    },
    "DOGE": {
      "20711": 96,
      "20712": 96,
      "20713": 88,
      "20714": 96,
      "20715": 96,
      "20716": 96,
      "20717": 96,
      "20718": 96,
      "20719": 96,
      "20720": 88,
      "20721": 96,
      "20722": 96,
      "20723": 96,
      "20724": 96,
      "20725": 96,
      "20726": 96,
      "20727": 88,
      "20728": 96,
      "20729": 96,
      "20730": 96,
      "20731": 96
    },
    "ETH": {
      "20711": 96,
      "20712": 96,
      "20713": 88,
      "20714": 96,
      "20715": 96,
      "20716": 96,
      "20717": 96,
      "20718": 96,
      "20719": 96,
      "20720": 88,
      "20721": 96,
      "20722": 96,
      "20723": 96,
      "20724": 96,
      "20725": 96,
      "20726": 96,
      "20727": 88,
      "20728": 96,
      "20729": 96,
      "20730": 96,
      "20731": 96
    },
    "HYPE": {
      "20711": 96,
      "20712": 96,
      "20713": 88,
      "20714": 96,
      "20715": 96,
      "20716": 96,
      "20717": 96,
      "20718": 96,
      "20719": 96,
      "20720": 88,
      "20721": 96,
      "20722": 96,
      "20723": 96,
      "20724": 96,
      "20725": 96,
      "20726": 96,
      "20727": 88,
      "20728": 96,
      "20729": 96,
      "20730": 96,
      "20731": 96
    },
    "NEAR": {
      "20711": 96,
      "20712": 96,
      "20713": 88,
      "20714": 96,
      "20715": 96,
      "20716": 96,
      "20717": 96,
      "20718": 96,
      "20719": 96,
      "20720": 88,
      "20721": 96,
      "20722": 96,
      "20723": 96,
      "20724": 96,
      "20725": 96,
      "20726": 96,
      "20727": 88,
      "20728": 96,
      "20729": 96,
      "20730": 96,
      "20731": 96
    },
    "SOL": {
      "20711": 96,
      "20712": 96,
      "20713": 88,
      "20714": 96,
      "20715": 96,
      "20716": 96,
      "20717": 96,
      "20718": 96,
      "20719": 96,
      "20720": 88,
      "20721": 96,
      "20722": 96,
      "20723": 96,
      "20724": 96,
      "20725": 96,
      "20726": 96,
      "20727": 88,
      "20728": 96,
      "20729": 96,
      "20730": 96,
      "20731": 96
    },
    "XRP": {
      "20711": 96,
      "20712": 96,
      "20713": 88,
      "20714": 96,
      "20715": 96,
      "20716": 96,
      "20717": 96,
      "20718": 96,
      "20719": 96,
      "20720": 88,
      "20721": 96,
      "20722": 96,
      "20723": 96,
      "20724": 96,
      "20725": 96,
      "20726": 96,
      "20727": 88,
      "20728": 96,
      "20729": 96,
      "20730": 96,
      "20731": 96
    },
    "ZEC": {
      "20711": 96,
      "20712": 96,
      "20713": 88,
      "20714": 96,
      "20715": 96,
      "20716": 96,
      "20717": 96,
      "20718": 96,
      "20719": 96,
      "20720": 88,
      "20721": 96,
      "20722": 96,
      "20723": 96,
      "20724": 96,
      "20725": 96,
      "20726": 96,
      "20727": 88,
      "20728": 96,
      "20729": 96,
      "20730": 96,
      "20731": 96
    }
  },
  "largest_asset_share_gross_positive_pnl": 0.15610876868442555,
  "market_coverage_by_asset_day": {
    "BNB": {
      "20711": 96,
      "20712": 96,
      "20713": 88,
      "20714": 96,
      "20715": 96,
      "20716": 96,
      "20717": 96,
      "20718": 96,
      "20719": 96,
      "20720": 88,
      "20721": 96,
      "20722": 96,
      "20723": 96,
      "20724": 96,
      "20725": 96,
      "20726": 96,
      "20727": 88,
      "20728": 96,
      "20729": 96,
      "20730": 96,
      "20731": 96
    },
    "DOGE": {
      "20711": 96,
      "20712": 96,
      "20713": 88,
      "20714": 96,
      "20715": 96,
      "20716": 96,
      "20717": 96,
      "20718": 96,
      "20719": 96,
      "20720": 88,
      "20721": 96,
      "20722": 96,
      "20723": 96,
      "20724": 96,
      "20725": 96,
      "20726": 96,
      "20727": 88,
      "20728": 96,
      "20729": 96,
      "20730": 96,
      "20731": 96
    },
    "ETH": {
      "20711": 96,
      "20712": 96,
      "20713": 88,
      "20714": 96,
      "20715": 96,
      "20716": 96,
      "20717": 96,
      "20718": 96,
      "20719": 96,
      "20720": 88,
      "20721": 96,
      "20722": 96,
      "20723": 96,
      "20724": 96,
      "20725": 96,
      "20726": 96,
      "20727": 88,
      "20728": 96,
      "20729": 96,
      "20730": 96,
      "20731": 96
    },
    "HYPE": {
      "20711": 96,
      "20712": 96,
      "20713": 88,
      "20714": 96,
      "20715": 96,
      "20716": 96,
      "20717": 96,
      "20718": 96,
      "20719": 96,
      "20720": 88,
      "20721": 96,
      "20722": 96,
      "20723": 96,
      "20724": 96,
      "20725": 96,
      "20726": 96,
      "20727": 88,
      "20728": 96,
      "20729": 96,
      "20730": 96,
      "20731": 96
    },
    "NEAR": {
      "20711": 96,
      "20712": 96,
      "20713": 88,
      "20714": 96,
      "20715": 96,
      "20716": 96,
      "20717": 96,
      "20718": 96,
      "20719": 96,
      "20720": 88,
      "20721": 96,
      "20722": 96,
      "20723": 96,
      "20724": 96,
      "20725": 96,
      "20726": 96,
      "20727": 88,
      "20728": 96,
      "20729": 96,
      "20730": 96,
      "20731": 96
    },
    "SOL": {
      "20711": 96,
      "20712": 96,
      "20713": 88,
      "20714": 96,
      "20715": 96,
      "20716": 96,
      "20717": 96,
      "20718": 96,
      "20719": 96,
      "20720": 88,
      "20721": 96,
      "20722": 96,
      "20723": 96,
      "20724": 96,
      "20725": 96,
      "20726": 96,
      "20727": 88,
      "20728": 96,
      "20729": 96,
      "20730": 96,
      "20731": 96
    },
    "XRP": {
      "20711": 96,
      "20712": 96,
      "20713": 88,
      "20714": 96,
      "20715": 96,
      "20716": 96,
      "20717": 96,
      "20718": 96,
      "20719": 96,
      "20720": 88,
      "20721": 96,
      "20722": 96,
      "20723": 96,
      "20724": 96,
      "20725": 96,
      "20726": 96,
      "20727": 88,
      "20728": 96,
      "20729": 96,
      "20730": 96,
      "20731": 96
    },
    "ZEC": {
      "20711": 96,
      "20712": 96,
      "20713": 88,
      "20714": 96,
      "20715": 96,
      "20716": 96,
      "20717": 96,
      "20718": 96,
      "20719": 96,
      "20720": 88,
      "20721": 96,
      "20722": 96,
      "20723": 96,
      "20724": 96,
      "20725": 96,
      "20726": 96,
      "20727": 88,
      "20728": 96,
      "20729": 96,
      "20730": 96,
      "20731": 96
    }
  },
  "mean_credited_fills_per_join": 98.38709812108557,
  "no_rise_joined_markets": 479,
  "no_rise_retention_of_raw_0_9c_markets": 0.6921965317919075,
  "order_stats": {
    "capped": 0,
    "multi": 49627,
    "orders": 128991,
    "prints": 321859,
    "spanning": 29798
  },
  "passes_oos_promotion_gate": false,
  "per_asset_pnl": {
    "BNB": 41.17454999999997,
    "DOGE": 58.499999999999936,
    "ETH": -50.50000000000004,
    "HYPE": 65.65103999999994,
    "NEAR": 45.441899999999954,
    "SOL": 54.89999999999994,
    "XRP": 51.29999999999995,
    "ZEC": -242.3207099999998
  },
  "per_asset_pnl_after_0_1c_stress": {
    "BNB": 36.5996,
    "DOGE": 51.99999999999994,
    "ETH": -56.000000000000014,
    "HYPE": 58.35647999999993,
    "NEAR": 40.39279999999999,
    "SOL": 48.799999999999955,
    "XRP": 45.599999999999966,
    "ZEC": -248.72951999999964
  },
  "pnl_per_day_after_0_1c_stress": -1.0943161904761922,
  "preregistration": "PREREG_subcent_no_rise_oos_20261006.md",
  "raw_0_9c_markets_by_asset": {
    "BNB": 72,
    "DOGE": 92,
    "ETH": 85,
    "HYPE": 107,
    "NEAR": 82,
    "SOL": 83,
    "XRP": 79,
    "ZEC": 92
  }
}
