assets=['ETH', 'SOL', 'XRP', 'BNB', 'ZEC', 'DOGE', 'HYPE', 'NEAR'] jobs=692
  250/692 windows, 250 joins  500/692 windows, 500 joins                                                                      {
  "adverse_days": 5,
  "adverse_windows": 5,
  "assets_available": [
    "ETH",
    "SOL",
    "XRP",
    "BNB",
    "ZEC",
    "DOGE",
    "HYPE",
    "NEAR"
  ],
  "assets_requested": [
    "ETH",
    "SOL",
    "XRP",
    "BNB",
    "ZEC",
    "DOGE",
    "HYPE",
    "NEAR"
  ],
  "capped_histories": 0,
  "chronological_halves_after_0_1c_stress": [
    7.238792000000004,
    -3.3759200000000065
  ],
  "complete_population": true,
  "credited_filled_contracts": 66906.59999999999,
  "day_cluster_ci_after_0_1c_stress": [
    -16.85638819047621,
    18.040561619047566
  ],
  "expected_market_coverage_by_asset_day": {
    "BNB": {
      "20711": 96,
      "20712": 96,
      "20713": 88,
      "20714": 96,
      "20715": 96,
      "20716": 96,
      "20717": 96,
      "20718": 96,
      "20719": 96,
      "20720": 88,
      "20721": 96,
      "20722": 96,
      "20723": 96,
      "20724": 96,
      "20725": 96,
      "20726": 96,
      "20727": 88,
      "20728": 96,
      "20729": 96,
      "20730": 96,
      "20731": 96
    },
    "DOGE": {
      "20711": 96,
      "20712": 96,
      "20713": 88,
      "20714": 96,
      "20715": 96,
      "20716": 96,
      "20717": 96,
      "20718": 96,
      "20719": 96,
      "20720": 88,
      "20721": 96,
      "20722": 96,
      "20723": 96,
      "20724": 96,
      "20725": 96,
      "20726": 96,
      "20727": 88,
      "20728": 96,
      "20729": 96,
      "20730": 96,
      "20731": 96
    },
    "ETH": {
      "20711": 96,
      "20712": 96,
      "20713": 88,
      "20714": 96,
      "20715": 96,
      "20716": 96,
      "20717": 96,
      "20718": 96,
      "20719": 96,
      "20720": 88,
      "20721": 96,
      "20722": 96,
      "20723": 96,
      "20724": 96,
      "20725": 96,
      "20726": 96,
      "20727": 88,
      "20728": 96,
      "20729": 96,
      "20730": 96,
      "20731": 96
    },
    "HYPE": {
      "20711": 96,
      "20712": 96,
      "20713": 88,
      "20714": 96,
      "20715": 96,
      "20716": 96,
      "20717": 96,
      "20718": 96,
      "20719": 96,
      "20720": 88,
      "20721": 96,
      "20722": 96,
      "20723": 96,
      "20724": 96,
      "20725": 96,
      "20726": 96,
      "20727": 88,
      "20728": 96,
      "20729": 96,
      "20730": 96,
      "20731": 96
    },
    "NEAR": {
      "20711": 96,
      "20712": 96,
      "20713": 88,
      "20714": 96,
      "20715": 96,
      "20716": 96,
      "20717": 96,
      "20718": 96,
      "20719": 96,
      "20720": 88,
      "20721": 96,
      "20722": 96,
      "20723": 96,
      "20724": 96,
      "20725": 96,
      "20726": 96,
      "20727": 88,
      "20728": 96,
      "20729": 96,
      "20730": 96,
      "20731": 96
    },
    "SOL": {
      "20711": 96,
      "20712": 96,
      "20713": 88,
      "20714": 96,
      "20715": 96,
      "20716": 96,
      "20717": 96,
      "20718": 96,
      "20719": 96,
      "20720": 88,
      "20721": 96,
      "20722": 96,
      "20723": 96,
      "20724": 96,
      "20725": 96,
      "20726": 96,
      "20727": 88,
      "20728": 96,
      "20729": 96,
      "20730": 96,
      "20731": 96
    },
    "XRP": {
      "20711": 96,
      "20712": 96,
      "20713": 88,
      "20714": 96,
      "20715": 96,
      "20716": 96,
      "20717": 96,
      "20718": 96,
      "20719": 96,
      "20720": 88,
      "20721": 96,
      "20722": 96,
      "20723": 96,
      "20724": 96,
      "20725": 96,
      "20726": 96,
      "20727": 88,
      "20728": 96,
      "20729": 96,
      "20730": 96,
      "20731": 96
    },
    "ZEC": {
      "20711": 96,
      "20712": 96,
      "20713": 88,
      "20714": 96,
      "20715": 96,
      "20716": 96,
      "20717": 96,
      "20718": 96,
      "20719": 96,
      "20720": 88,
      "20721": 96,
      "20722": 96,
      "20723": 96,
      "20724": 96,
      "20725": 96,
      "20726": 96,
      "20727": 88,
      "20728": 96,
      "20729": 96,
      "20730": 96,
      "20731": 96
    }
  },
  "joined_markets": 692,
  "largest_asset_share_gross_positive_pnl": 0.1533532811497654,
  "largest_losing_day": [
    20724,
    -81.91384000000002
  ],
  "market_coverage_by_asset_day": {
    "BNB": {
      "20711": 96,
      "20712": 96,
      "20713": 88,
      "20714": 96,
      "20715": 96,
      "20716": 96,
      "20717": 96,
      "20718": 96,
      "20719": 96,
      "20720": 88,
      "20721": 96,
      "20722": 96,
      "20723": 96,
      "20724": 96,
      "20725": 96,
      "20726": 96,
      "20727": 88,
      "20728": 96,
      "20729": 96,
      "20730": 96,
      "20731": 96
    },
    "DOGE": {
      "20711": 96,
      "20712": 96,
      "20713": 88,
      "20714": 96,
      "20715": 96,
      "20716": 96,
      "20717": 96,
      "20718": 96,
      "20719": 96,
      "20720": 88,
      "20721": 96,
      "20722": 96,
      "20723": 96,
      "20724": 96,
      "20725": 96,
      "20726": 96,
      "20727": 88,
      "20728": 96,
      "20729": 96,
      "20730": 96,
      "20731": 96
    },
    "ETH": {
      "20711": 96,
      "20712": 96,
      "20713": 88,
      "20714": 96,
      "20715": 96,
      "20716": 96,
      "20717": 96,
      "20718": 96,
      "20719": 96,
      "20720": 88,
      "20721": 96,
      "20722": 96,
      "20723": 96,
      "20724": 96,
      "20725": 96,
      "20726": 96,
      "20727": 88,
      "20728": 96,
      "20729": 96,
      "20730": 96,
      "20731": 96
    },
    "HYPE": {
      "20711": 96,
      "20712": 96,
      "20713": 88,
      "20714": 96,
      "20715": 96,
      "20716": 96,
      "20717": 96,
      "20718": 96,
      "20719": 96,
      "20720": 88,
      "20721": 96,
      "20722": 96,
      "20723": 96,
      "20724": 96,
      "20725": 96,
      "20726": 96,
      "20727": 88,
      "20728": 96,
      "20729": 96,
      "20730": 96,
      "20731": 96
    },
    "NEAR": {
      "20711": 96,
      "20712": 96,
      "20713": 88,
      "20714": 96,
      "20715": 96,
      "20716": 96,
      "20717": 96,
      "20718": 96,
      "20719": 96,
      "20720": 88,
      "20721": 96,
      "20722": 96,
      "20723": 96,
      "20724": 96,
      "20725": 96,
      "20726": 96,
      "20727": 88,
      "20728": 96,
      "20729": 96,
      "20730": 96,
      "20731": 96
    },
    "SOL": {
      "20711": 96,
      "20712": 96,
      "20713": 88,
      "20714": 96,
      "20715": 96,
      "20716": 96,
      "20717": 96,
      "20718": 96,
      "20719": 96,
      "20720": 88,
      "20721": 96,
      "20722": 96,
      "20723": 96,
      "20724": 96,
      "20725": 96,
      "20726": 96,
      "20727": 88,
      "20728": 96,
      "20729": 96,
      "20730": 96,
      "20731": 96
    },
    "XRP": {
      "20711": 96,
      "20712": 96,
      "20713": 88,
      "20714": 96,
      "20715": 96,
      "20716": 96,
      "20717": 96,
      "20718": 96,
      "20719": 96,
      "20720": 88,
      "20721": 96,
      "20722": 96,
      "20723": 96,
      "20724": 96,
      "20725": 96,
      "20726": 96,
      "20727": 88,
      "20728": 96,
      "20729": 96,
      "20730": 96,
      "20731": 96
    },
    "ZEC": {
      "20711": 96,
      "20712": 96,
      "20713": 88,
      "20714": 96,
      "20715": 96,
      "20716": 96,
      "20717": 96,
      "20718": 96,
      "20719": 96,
      "20720": 88,
      "20721": 96,
      "20722": 96,
      "20723": 96,
      "20724": 96,
      "20725": 96,
      "20726": 96,
      "20727": 88,
      "20728": 96,
      "20729": 96,
      "20730": 96,
      "20731": 96
    }
  },
  "mean_credited_fills_per_join": 96.685838150289,
  "order_stats": {
    "capped": 0,
    "multi": 68879,
    "orders": 179962,
    "prints": 447036,
    "spanning": 40827
  },
  "passes_oos_promotion_gate": false,
  "per_asset_pnl": {
    "BNB": 60.79823999999994,
    "DOGE": 81.72324000000003,
    "ETH": -23.500000000000057,
    "HYPE": 91.6530300000001,
    "NEAR": 67.33907999999994,
    "SOL": 74.44511999999999,
    "XRP": -28.900000000000077,
    "ZEC": -221.39930999999973
  },
  "per_asset_pnl_after_0_1c_stress": {
    "BNB": 54.04287999999993,
    "DOGE": 72.64287999999988,
    "ETH": -32.0000000000001,
    "HYPE": 81.46935999999985,
    "NEAR": 59.85695999999992,
    "SOL": 66.1734399999999,
    "XRP": -36.80000000000008,
    "ZEC": -230.13271999999944
  },
  "pnl_per_day": 4.864733333333349,
  "pnl_per_day_after_0_1c_stress": 1.6787047619047595,
  "preregistration": "PREREG_subcent_sweep_oos_20261006.md",
  "utc_days": 21
}
