{
  "asset_hours": 29,
  "evidence": "prospective direct-depth size-aware non-atomic REST paper",
  "hourly_internal_max_edge_by_asset_hour_c": {
    "BTC:1791288000": -71.0,
    "BTC:1791291600": -28.000000000000004,
    "BTC:1791295200": -20.99999999999999,
    "BTC:1791298800": -7.000000000000004,
    "BTC:1791302400": -5.000000000000003,
    "ETH:1791291600": -22.999999999999996,
    "ETH:1791295200": -43.99999999999999,
    "ETH:1791298800": -54.0,
    "ETH:1791302400": -37.0,
    "HYPE:1791291600": -29.000000000000004,
    "HYPE:1791295200": -28.000000000000004,
    "HYPE:1791298800": -57.00000000000001,
    "HYPE:1791302400": -20.999999999999993,
    "SOL:1791288000": -78.0,
    "SOL:1791291600": -34.0,
    "SOL:1791295200": -24.999999999999993,
    "SOL:1791298800": -16.000000000000004,
    "SOL:1791302400": -12.999999999999998,
    "XRP:1791302400": -98.0
  },
  "hourly_internal_signals": [],
  "invalid_integrity_snapshots": 0,
  "max_edge_by_asset_hour_c": {
    "BNB:1791288000": -44.00000000000001,
    "BNB:1791291600": -2.0,
    "BNB:1791295200": -21.000000000000004,
    "BNB:1791298800": -0.9999999999999974,
    "BNB:1791302400": -4.600000000000002,
    "BTC:1791288000": -2.1,
    "BTC:1791291600": -10.999999999999996,
    "BTC:1791295200": -3.900000000000002,
    "BTC:1791298800": -0.899999999999999,
    "BTC:1791302400": -1.7999999999999998,
    "DOGE:1791291600": -75.0,
    "ETH:1791288000": -2.0,
    "ETH:1791291600": -5.000000000000001,
    "ETH:1791295200": -14.000000000000002,
    "ETH:1791298800": -2.600000000000001,
    "ETH:1791302400": -2.700000000000001,
    "HYPE:1791288000": -22.899999999999995,
    "HYPE:1791291600": -2.0,
    "HYPE:1791295200": -2.0,
    "HYPE:1791298800": -2.9000000000000012,
    "HYPE:1791302400": -2.1,
    "SOL:1791288000": -14.000000000000002,
    "SOL:1791291600": -7.000000000000004,
    "SOL:1791295200": -5.000000000000001,
    "SOL:1791298800": -2.700000000000001,
    "SOL:1791302400": -5.800000000000003,
    "XRP:1791295200": -32.99999999999999,
    "XRP:1791298800": -4.700000000000003,
    "XRP:1791302400": -11.999999999999996
  },
  "preregistration": "PREREG_btc_hourly_dominance_20261006.md Amendment 5",
  "signals": [],
  "snapshots": 4214,
  "valid_snapshots": 2593
}
